; SPIR-V
; Version: 1.0
; Generator: 524289
; Bound: 15
; Schema: 0
               OpCapability Shader
          %1 = OpExtInstImport "GLSL.std.450"
               OpMemoryModel Logical GLSL450
               OpEntryPoint Fragment %4 "main" %9
               OpExecutionMode %4 OriginLowerLeft
               OpSource GLSL 400
               OpName %4 "main"
               OpName %9 "gl_FragColor"
          %2 = OpTypeVoid
          %3 = OpTypeFunction %2
          %6 = OpTypeFloat 32
          %7 = OpTypeVector %6 4
          %8 = OpTypePointer Output %7
          %9 = OpVariable %8 Output
         %10 = OpConstant %6 0.1
         %11 = OpConstant %6 0.2
         %12 = OpConstant %6 0.3
         %13 = OpConstant %6 1
         %14 = OpConstantComposite %7 %10 %11 %12 %13
          %4 = OpFunction %2 None %3
          %5 = OpLabel
               OpStore %9 %14
               OpReturn
               OpFunctionEnd
